---
source: src/dialog/dialog.rs
expression: screen.snapshot()
---
size: 24x8
cursor: hidden
text:
|╔═[■]═══ Setup ════════╗|
|║                      ║|
|║                      ║|
|║                      ║|
|║                      ║|
|║                      ║|
|║                      ║|
|╚══════════════════════╝|
attr:
|aaabaaaaaaaaaaaaaaaaaaaa|
|aaaaaaaaaaaaaaaaaaaaaaaa|
|aaaaaaaaaaaaaaaaaaaaaaaa|
|aaaaaaaaaaaaaaaaaaaaaaaa|
|aaaaaaaaaaaaaaaaaaaaaaaa|
|aaaaaaaaaaaaaaaaaaaaaaaa|
|aaaaaaaaaaaaaaaaaaaaaaaa|
|aaaaaaaaaaaaaaaaaaaaaaaa|
legend:
  . default
  a fg=BIOS(15) bg=BIOS(7)
  b fg=BIOS(10) bg=BIOS(7)
