---
source: src/dialog/msgbox.rs
assertion_line: 387
expression: "render_dialog(&mut d, 40, 9)"
---
size: 40x9
cursor: hidden
text:
|┌────────────── Confirm ───────────────┐|
|│                                      │|
|│  Are you sure?                       │|
|│                                      │|
|│                                      │|
|│                                      │|
|│     Yes   ▄      No   ▄    Cancel ▄  │|
|│    ▀▀▀▀▀▀▀▀    ▀▀▀▀▀▀▀▀    ▀▀▀▀▀▀▀▀  │|
|└──────────────────────────────────────┘|
attr:
|aaaaaaaaaaaaaaaaaaaaaaaaaaaaaaaaaaaaaaaa|
|aaaaaaaaaaaaaaaaaaaaaaaaaaaaaaaaaaaaaaaa|
|aaabbbbbbbbbbbbbbbbbbbbbbbbbbbbbbbbbbbaa|
|aaabbbbbbbbbbbbbbbbbbbbbbbbbbbbbbbbbbbaa|
|aaabbbbbbbbbbbbbbbbbbbbbbbbbbbbbbbbbbbaa|
|aaabbbbbbbbbbbbbbbbbbbbbbbbbbbbbbbbbbbaa|
|aaabccdcccccbaabcccdccccbaabcdccccccbaaa|
|aaabbbbbbbbbbaabbbbbbbbbbaabbbbbbbbbbaaa|
|aaaaaaaaaaaaaaaaaaaaaaaaaaaaaaaaaaaaaaaa|
legend:
  . default
  a fg=BIOS(7) bg=BIOS(1)
  b fg=BIOS(0) bg=BIOS(7)
  c fg=BIOS(0) bg=BIOS(2)
  d fg=BIOS(14) bg=BIOS(2)
