---
source: src/dialog/filedlg.rs
expression: screen.snapshot()
---
size: 64x20
cursor: hidden
text:
|                                                                |
|                                                                |
|                ┌────────────── Change Directory ──────────────┐|
|                │                                              │|
|                │  Directory name                              │|
|                │   /home/user                            ▐↓▌  │|
|                │                                              │|
|                │  Directory tree                              │|
|                │   └─┬/                        ▲      OK   ▄  │|
|                │     └─┬home                   ▓    ▀▀▀▀▀▀▀▀  │|
|                │       └─┬user                 ▓              │|
|                │         └┬─projects           ▓    Chdir  ▄  │|
|                │          └─src                ▓    ▀▀▀▀▀▀▀▀  │|
|                │                               ▓              │|
|                │                               ▓    Revert ▄  │|
|                │                               ▓    ▀▀▀▀▀▀▀▀  │|
|                │                               ▓              │|
|                │                               ▼     Help  ▄  │|
|                │                                    ▀▀▀▀▀▀▀▀  │|
|                └──────────────────────────────────────────────┘|
attr:
|................................................................|
|................................................................|
|................aaaaaaaaaaaaaaaaaaaaaaaaaaaaaaaaaaaaaaaaaaaaaaaa|
|................aaaaaaaaaaaaaaaaaaaaaaaaaaaaaaaaaaaaaaaaaaaaaaaa|
|................aaaaaaaaaaaaabaaaaaaaaaaaaaaaaaaaaaaaaaaaaaaaaaa|
|................aaaccccccccccccccccccccccccccccccccccccccccdcaaa|
|................aaaaaaaaaaaaaaaaaaaaaaaaaaaaaaaaaaaaaaaaaaaaaaaa|
|................aaaaaaaaaaaaabaaaaaaaaaaaaaaaaaaaaaaaaaaaaaaaaaa|
|................aaaeeeeeeeeeeeeeeeeeeeeeeeeeeeeefaaagggghgggaaaa|
|................aaaeeeeeeeeeeeeeeeeeeeeeeeeeeeeefaaaaaaaaaaaaaaa|
|................aaaiiiiiiiiiiiiiiiiiiiiiiiiiiiiifaaaaaaaaaaaaaaa|
|................aaaeeeeeeeeeeeeeeeeeeeeeeeeeeeeefaaaghggggggaaaa|
|................aaaeeeeeeeeeeeeeeeeeeeeeeeeeeeeefaaaaaaaaaaaaaaa|
|................aaaeeeeeeeeeeeeeeeeeeeeeeeeeeeeefaaaaaaaaaaaaaaa|
|................aaaeeeeeeeeeeeeeeeeeeeeeeeeeeeeefaaaghggggggaaaa|
|................aaaeeeeeeeeeeeeeeeeeeeeeeeeeeeeefaaaaaaaaaaaaaaa|
|................aaaeeeeeeeeeeeeeeeeeeeeeeeeeeeeefaaaaaaaaaaaaaaa|
|................aaaeeeeeeeeeeeeeeeeeeeeeeeeeeeeefaaagghgggggaaaa|
|................aaaaaaaaaaaaaaaaaaaaaaaaaaaaaaaaaaaaaaaaaaaaaaaa|
|................aaaaaaaaaaaaaaaaaaaaaaaaaaaaaaaaaaaaaaaaaaaaaaaa|
legend:
  . default
  a fg=BIOS(0) bg=BIOS(7)
  b fg=BIOS(4) bg=BIOS(7)
  c fg=BIOS(0) bg=BIOS(3)
  d fg=BIOS(14) bg=BIOS(3)
  e fg=BIOS(7) bg=BIOS(1)
  f fg=BIOS(1) bg=BIOS(3)
  g fg=BIOS(0) bg=BIOS(2)
  h fg=BIOS(14) bg=BIOS(2)
  i fg=BIOS(15) bg=BIOS(1)
