---
source: src/dialog/msgbox.rs
assertion_line: 373
expression: "render_dialog(&mut d, 40, 9)"
---
size: 40x9
cursor: hidden
text:
|┌─────────────── Error ────────────────┐|
|│                                      │|
|│  An error occurred.                  │|
|│                                      │|
|│                                      │|
|│                                      │|
|│                  OK   ▄              │|
|│                ▀▀▀▀▀▀▀▀              │|
|└──────────────────────────────────────┘|
attr:
|aaaaaaaaaaaaaaaaaaaaaaaaaaaaaaaaaaaaaaaa|
|aaaaaaaaaaaaaaaaaaaaaaaaaaaaaaaaaaaaaaaa|
|aaabbbbbbbbbbbbbbbbbbbbbbbbbbbbbbbbbbbaa|
|aaabbbbbbbbbbbbbbbbbbbbbbbbbbbbbbbbbbbaa|
|aaabbbbbbbbbbbbbbbbbbbbbbbbbbbbbbbbbbbaa|
|aaabbbbbbbbbbbbbbbbbbbbbbbbbbbbbbbbbbbaa|
|aaaaaaaaaaaaaaabccccdcccbaaaaaaaaaaaaaaa|
|aaaaaaaaaaaaaaabbbbbbbbbbaaaaaaaaaaaaaaa|
|aaaaaaaaaaaaaaaaaaaaaaaaaaaaaaaaaaaaaaaa|
legend:
  . default
  a fg=BIOS(7) bg=BIOS(1)
  b fg=BIOS(0) bg=BIOS(7)
  c fg=BIOS(0) bg=BIOS(2)
  d fg=BIOS(14) bg=BIOS(2)
