---
source: src/dialog/colorpick/rgb.rs
expression: "render_rgb(&m, 0)"
---
size: 40x18
cursor: hidden
text:
|                                        |
|                                        |
|R 030 ███                               |
|                                        |
|                                        |
|G 144 █████████████████                 |
|                                        |
|                                        |
|B 255 ███████████████████████████████   |
|                                        |
|                                        |
|#1E90FF                                 |
|                                        |
|     rgb(30,144,255)                    |
|                                        |
|                                        |
|                                        |
|                                        |
attr:
|........................................|
|........................................|
|aaaaaaaaaaaaaaaaaaaaaaaaaaaaaaaaaaaaa...|
|........................................|
|........................................|
|bbbbbbbbbbbbbbbbbbbbbbbbbbbbbbbbbbbbb...|
|........................................|
|........................................|
|bbbbbbbbbbbbbbbbbbbbbbbbbbbbbbbbbbbbb...|
|........................................|
|........................................|
|bbbbbbbbbbbbbbbbbbbbbbbbbbbbbbbbbbbbb...|
|........................................|
|cccc.bbbbbbbbbbbbbbb....................|
|........................................|
|........................................|
|........................................|
|........................................|
legend:
  . default
  a fg=BIOS(4) bg=BIOS(2)
  b fg=BIOS(8) bg=BIOS(2)
  c fg=RGB(30,144,255) bg=RGB(30,144,255)
